// Jest Snapshot v1, https://goo.gl/fbAQLP

exports[`components Login should render self and subcomponents 1`] = `
ShallowWrapper {
  "length": 1,
  Symbol(enzyme.__root__): [Circular],
  Symbol(enzyme.__unrendered__): <Login />,
  Symbol(enzyme.__renderer__): Object {
    "batchedUpdates": [Function],
    "getNode": [Function],
    "render": [Function],
    "simulateEvent": [Function],
    "unmount": [Function],
  },
  Symbol(enzyme.__node__): Object {
    "instance": null,
    "key": undefined,
    "nodeType": "class",
    "props": Object {
      "children": Array [
        <Text
          accessible={true}
          allowFontScaling={true}
          ellipsizeMode="tail"
        >
          Login
        </Text>,
        <TextInput
          allowFontScaling={true}
          autoFocus={true}
          keyboardType="email-address"
          placeholder="Username"
          style={
            Object {
              "width": 200,
            }
          }
        />,
        <TextInput
          allowFontScaling={true}
          onChangeText={[Function]}
          placeholder="Password"
          secureTextEntry={true}
          style={
            Object {
              "width": 200,
            }
          }
        />,
      ],
      "style": Object {
        "flex": 1,
        "padding": 10,
      },
    },
    "ref": null,
    "rendered": Array [
      Object {
        "instance": null,
        "key": undefined,
        "nodeType": "class",
        "props": Object {
          "accessible": true,
          "allowFontScaling": true,
          "children": "Login",
          "ellipsizeMode": "tail",
        },
        "ref": null,
        "rendered": "Login",
        "type": [Function],
      },
      Object {
        "instance": null,
        "key": undefined,
        "nodeType": "class",
        "props": Object {
          "allowFontScaling": true,
          "autoFocus": true,
          "keyboardType": "email-address",
          "placeholder": "Username",
          "style": Object {
            "width": 200,
          },
        },
        "ref": null,
        "rendered": null,
        "type": [Function],
      },
      Object {
        "instance": null,
        "key": undefined,
        "nodeType": "class",
        "props": Object {
          "allowFontScaling": true,
          "onChangeText": [Function],
          "placeholder": "Password",
          "secureTextEntry": true,
          "style": Object {
            "width": 200,
          },
        },
        "ref": null,
        "rendered": null,
        "type": [Function],
      },
    ],
    "type": [Function],
  },
  Symbol(enzyme.__nodes__): Array [
    Object {
      "instance": null,
      "key": undefined,
      "nodeType": "class",
      "props": Object {
        "children": Array [
          <Text
            accessible={true}
            allowFontScaling={true}
            ellipsizeMode="tail"
          >
            Login
          </Text>,
          <TextInput
            allowFontScaling={true}
            autoFocus={true}
            keyboardType="email-address"
            placeholder="Username"
            style={
              Object {
                "width": 200,
              }
            }
          />,
          <TextInput
            allowFontScaling={true}
            onChangeText={[Function]}
            placeholder="Password"
            secureTextEntry={true}
            style={
              Object {
                "width": 200,
              }
            }
          />,
        ],
        "style": Object {
          "flex": 1,
          "padding": 10,
        },
      },
      "ref": null,
      "rendered": Array [
        Object {
          "instance": null,
          "key": undefined,
          "nodeType": "class",
          "props": Object {
            "accessible": true,
            "allowFontScaling": true,
            "children": "Login",
            "ellipsizeMode": "tail",
          },
          "ref": null,
          "rendered": "Login",
          "type": [Function],
        },
        Object {
          "instance": null,
          "key": undefined,
          "nodeType": "class",
          "props": Object {
            "allowFontScaling": true,
            "autoFocus": true,
            "keyboardType": "email-address",
            "placeholder": "Username",
            "style": Object {
              "width": 200,
            },
          },
          "ref": null,
          "rendered": null,
          "type": [Function],
        },
        Object {
          "instance": null,
          "key": undefined,
          "nodeType": "class",
          "props": Object {
            "allowFontScaling": true,
            "onChangeText": [Function],
            "placeholder": "Password",
            "secureTextEntry": true,
            "style": Object {
              "width": 200,
            },
          },
          "ref": null,
          "rendered": null,
          "type": [Function],
        },
      ],
      "type": [Function],
    },
  ],
  Symbol(enzyme.__options__): Object {
    "adapter": ReactSixteenAdapter {
      "options": Object {
        "enableComponentDidUpdateOnSetState": true,
      },
    },
  },
}
`;
